[0.617s] Invoking command in '/home/robocoder/project5_ws/build/battery_patrol': PYTHONPATH=/home/robocoder/project5_ws/build/battery_patrol/prefix_override:/usr/lib/python3/dist-packages/colcon_core/task/python/colcon_distutils_commands:/home/robocoder/project5_ws/install/battery_patrol/lib/python3.10/site-packages:${PYTHONPATH} /usr/bin/python3 -W ignore:setup.py install is deprecated -W ignore:easy_install command is deprecated setup.py develop --uninstall --editable --build-directory /home/robocoder/project5_ws/build/battery_patrol/build
[0.855s] running develop
[1.031s] Removing /home/robocoder/project5_ws/install/battery_patrol/lib/python3.10/site-packages/battery-patrol.egg-link (link to .)
[1.061s] Invoked command in '/home/robocoder/project5_ws/build/battery_patrol' returned '0': PYTHONPATH=/home/robocoder/project5_ws/build/battery_patrol/prefix_override:/usr/lib/python3/dist-packages/colcon_core/task/python/colcon_distutils_commands:/home/robocoder/project5_ws/install/battery_patrol/lib/python3.10/site-packages:${PYTHONPATH} /usr/bin/python3 -W ignore:setup.py install is deprecated -W ignore:easy_install command is deprecated setup.py develop --uninstall --editable --build-directory /home/robocoder/project5_ws/build/battery_patrol/build
[1.062s] Invoking command in '/home/robocoder/project5_ws/src/battery_patrol': PYTHONPATH=/home/robocoder/project5_ws/build/battery_patrol/prefix_override:/usr/lib/python3/dist-packages/colcon_core/task/python/colcon_distutils_commands:/home/robocoder/project5_ws/install/battery_patrol/lib/python3.10/site-packages:${PYTHONPATH} /usr/bin/python3 -W ignore:setup.py install is deprecated -W ignore:easy_install command is deprecated setup.py egg_info --egg-base ../../build/battery_patrol build --build-base /home/robocoder/project5_ws/build/battery_patrol/build install --record /home/robocoder/project5_ws/build/battery_patrol/install.log --single-version-externally-managed install_data --force
[1.280s] running egg_info
[1.280s] writing ../../build/battery_patrol/battery_patrol.egg-info/PKG-INFO
[1.280s] writing dependency_links to ../../build/battery_patrol/battery_patrol.egg-info/dependency_links.txt
[1.280s] writing entry points to ../../build/battery_patrol/battery_patrol.egg-info/entry_points.txt
[1.280s] writing requirements to ../../build/battery_patrol/battery_patrol.egg-info/requires.txt
[1.281s] writing top-level names to ../../build/battery_patrol/battery_patrol.egg-info/top_level.txt
[1.282s] reading manifest file '../../build/battery_patrol/battery_patrol.egg-info/SOURCES.txt'
[1.283s] writing manifest file '../../build/battery_patrol/battery_patrol.egg-info/SOURCES.txt'
[1.283s] running build
[1.283s] running build_py
[1.283s] running install
[1.283s] running install_lib
[1.284s] creating /home/robocoder/project5_ws/install/battery_patrol/lib/python3.10/site-packages/battery_patrol
[1.284s] copying /home/robocoder/project5_ws/build/battery_patrol/build/lib/battery_patrol/battery_monitor.py -> /home/robocoder/project5_ws/install/battery_patrol/lib/python3.10/site-packages/battery_patrol
[1.284s] copying /home/robocoder/project5_ws/build/battery_patrol/build/lib/battery_patrol/battery_simulator.py -> /home/robocoder/project5_ws/install/battery_patrol/lib/python3.10/site-packages/battery_patrol
[1.284s] copying /home/robocoder/project5_ws/build/battery_patrol/build/lib/battery_patrol/__init__.py -> /home/robocoder/project5_ws/install/battery_patrol/lib/python3.10/site-packages/battery_patrol
[1.284s] byte-compiling /home/robocoder/project5_ws/install/battery_patrol/lib/python3.10/site-packages/battery_patrol/battery_monitor.py to battery_monitor.cpython-310.pyc
[1.286s] byte-compiling /home/robocoder/project5_ws/install/battery_patrol/lib/python3.10/site-packages/battery_patrol/battery_simulator.py to battery_simulator.cpython-310.pyc
[1.286s] byte-compiling /home/robocoder/project5_ws/install/battery_patrol/lib/python3.10/site-packages/battery_patrol/__init__.py to __init__.cpython-310.pyc
[1.286s] running install_data
[1.286s] copying resource/battery_patrol -> /home/robocoder/project5_ws/install/battery_patrol/share/ament_index/resource_index/packages
[1.287s] copying package.xml -> /home/robocoder/project5_ws/install/battery_patrol/share/battery_patrol
[1.287s] copying launch/battery_patrol.launch.py -> /home/robocoder/project5_ws/install/battery_patrol/share/battery_patrol/launch
[1.287s] copying config/patrol_params.yaml -> /home/robocoder/project5_ws/install/battery_patrol/share/battery_patrol/config
[1.287s] running install_egg_info
[1.288s] Copying ../../build/battery_patrol/battery_patrol.egg-info to /home/robocoder/project5_ws/install/battery_patrol/lib/python3.10/site-packages/battery_patrol-0.1.0-py3.10.egg-info
[1.289s] running install_scripts
[1.306s] Installing battery_monitor script to /home/robocoder/project5_ws/install/battery_patrol/lib/battery_patrol
[1.306s] Installing battery_simulator script to /home/robocoder/project5_ws/install/battery_patrol/lib/battery_patrol
[1.306s] writing list of installed files to '/home/robocoder/project5_ws/build/battery_patrol/install.log'
[1.333s] Invoked command in '/home/robocoder/project5_ws/src/battery_patrol' returned '0': PYTHONPATH=/home/robocoder/project5_ws/build/battery_patrol/prefix_override:/usr/lib/python3/dist-packages/colcon_core/task/python/colcon_distutils_commands:/home/robocoder/project5_ws/install/battery_patrol/lib/python3.10/site-packages:${PYTHONPATH} /usr/bin/python3 -W ignore:setup.py install is deprecated -W ignore:easy_install command is deprecated setup.py egg_info --egg-base ../../build/battery_patrol build --build-base /home/robocoder/project5_ws/build/battery_patrol/build install --record /home/robocoder/project5_ws/build/battery_patrol/install.log --single-version-externally-managed install_data --force
