[0.642s] Invoking command in '/home/robocoder/project5_ws/build/battery_patrol': PYTHONPATH=/home/robocoder/project5_ws/build/battery_patrol/prefix_override:/usr/lib/python3/dist-packages/colcon_core/task/python/colcon_distutils_commands:/home/robocoder/project5_ws/install/battery_patrol/lib/python3.10/site-packages:${PYTHONPATH} /usr/bin/python3 -W ignore:setup.py install is deprecated -W ignore:easy_install command is deprecated setup.py develop --editable --build-directory /home/robocoder/project5_ws/build/battery_patrol/build --no-deps symlink_data --force
[0.894s] running develop
[1.094s] running egg_info
[1.094s] writing battery_patrol.egg-info/PKG-INFO
[1.094s] writing dependency_links to battery_patrol.egg-info/dependency_links.txt
[1.094s] writing entry points to battery_patrol.egg-info/entry_points.txt
[1.094s] writing requirements to battery_patrol.egg-info/requires.txt
[1.094s] writing top-level names to battery_patrol.egg-info/top_level.txt
[1.097s] reading manifest file 'battery_patrol.egg-info/SOURCES.txt'
[1.098s] writing manifest file 'battery_patrol.egg-info/SOURCES.txt'
[1.100s] running build_ext
[1.100s] Creating /home/robocoder/project5_ws/install/battery_patrol/lib/python3.10/site-packages/battery-patrol.egg-link (link to .)
[1.101s] Installing battery_monitor script to /home/robocoder/project5_ws/install/battery_patrol/lib/battery_patrol
[1.102s] Installing battery_simulator script to /home/robocoder/project5_ws/install/battery_patrol/lib/battery_patrol
[1.102s] 
[1.102s] Installed /home/robocoder/project5_ws/build/battery_patrol
[1.102s] running symlink_data
[1.102s] symbolically linking /home/robocoder/project5_ws/build/battery_patrol/resource/battery_patrol -> /home/robocoder/project5_ws/install/battery_patrol/share/ament_index/resource_index/packages
[1.102s] symbolically linking /home/robocoder/project5_ws/build/battery_patrol/package.xml -> /home/robocoder/project5_ws/install/battery_patrol/share/battery_patrol
[1.102s] symbolically linking /home/robocoder/project5_ws/build/battery_patrol/launch/battery_patrol.launch.py -> /home/robocoder/project5_ws/install/battery_patrol/share/battery_patrol/launch
[1.103s] symbolically linking /home/robocoder/project5_ws/build/battery_patrol/config/patrol_params.yaml -> /home/robocoder/project5_ws/install/battery_patrol/share/battery_patrol/config
[1.157s] Invoked command in '/home/robocoder/project5_ws/build/battery_patrol' returned '0': PYTHONPATH=/home/robocoder/project5_ws/build/battery_patrol/prefix_override:/usr/lib/python3/dist-packages/colcon_core/task/python/colcon_distutils_commands:/home/robocoder/project5_ws/install/battery_patrol/lib/python3.10/site-packages:${PYTHONPATH} /usr/bin/python3 -W ignore:setup.py install is deprecated -W ignore:easy_install command is deprecated setup.py develop --editable --build-directory /home/robocoder/project5_ws/build/battery_patrol/build --no-deps symlink_data --force
