running develop
running egg_info
creating battery_patrol.egg-info
writing battery_patrol.egg-info/PKG-INFO
writing dependency_links to battery_patrol.egg-info/dependency_links.txt
writing entry points to battery_patrol.egg-info/entry_points.txt
writing requirements to battery_patrol.egg-info/requires.txt
writing top-level names to battery_patrol.egg-info/top_level.txt
writing manifest file 'battery_patrol.egg-info/SOURCES.txt'
reading manifest file 'battery_patrol.egg-info/SOURCES.txt'
writing manifest file 'battery_patrol.egg-info/SOURCES.txt'
running build_ext
Creating /home/robocoder/project5_ws/install/battery_patrol/lib/python3.10/site-packages/battery-patrol.egg-link (link to .)
Installing battery_monitor script to /home/robocoder/project5_ws/install/battery_patrol/lib/battery_patrol
Installing battery_simulator script to /home/robocoder/project5_ws/install/battery_patrol/lib/battery_patrol

Installed /home/robocoder/project5_ws/build/battery_patrol
running symlink_data
creating /home/robocoder/project5_ws/install/battery_patrol/share/ament_index
creating /home/robocoder/project5_ws/install/battery_patrol/share/ament_index/resource_index
creating /home/robocoder/project5_ws/install/battery_patrol/share/ament_index/resource_index/packages
symbolically linking /home/robocoder/project5_ws/build/battery_patrol/resource/battery_patrol -> /home/robocoder/project5_ws/install/battery_patrol/share/ament_index/resource_index/packages
symbolically linking /home/robocoder/project5_ws/build/battery_patrol/package.xml -> /home/robocoder/project5_ws/install/battery_patrol/share/battery_patrol
creating /home/robocoder/project5_ws/install/battery_patrol/share/battery_patrol/launch
symbolically linking /home/robocoder/project5_ws/build/battery_patrol/launch/battery_patrol.launch.py -> /home/robocoder/project5_ws/install/battery_patrol/share/battery_patrol/launch
creating /home/robocoder/project5_ws/install/battery_patrol/share/battery_patrol/config
symbolically linking /home/robocoder/project5_ws/build/battery_patrol/config/patrol_params.yaml -> /home/robocoder/project5_ws/install/battery_patrol/share/battery_patrol/config
