[0.597s] Invoking command in '/home/robocoder/project5_ws/build/battery_patrol': PYTHONPATH=/home/robocoder/project5_ws/build/battery_patrol/prefix_override:/usr/lib/python3/dist-packages/colcon_core/task/python/colcon_distutils_commands:/home/robocoder/project5_ws/install/battery_patrol/lib/python3.10/site-packages:${PYTHONPATH} /usr/bin/python3 -W ignore:setup.py install is deprecated -W ignore:easy_install command is deprecated setup.py develop --uninstall --editable --build-directory /home/robocoder/project5_ws/build/battery_patrol/build
[0.820s] running develop
[0.975s] Removing /home/robocoder/project5_ws/install/battery_patrol/lib/python3.10/site-packages/battery-patrol.egg-link (link to .)
[0.997s] Invoked command in '/home/robocoder/project5_ws/build/battery_patrol' returned '0': PYTHONPATH=/home/robocoder/project5_ws/build/battery_patrol/prefix_override:/usr/lib/python3/dist-packages/colcon_core/task/python/colcon_distutils_commands:/home/robocoder/project5_ws/install/battery_patrol/lib/python3.10/site-packages:${PYTHONPATH} /usr/bin/python3 -W ignore:setup.py install is deprecated -W ignore:easy_install command is deprecated setup.py develop --uninstall --editable --build-directory /home/robocoder/project5_ws/build/battery_patrol/build
[0.999s] Invoking command in '/home/robocoder/project5_ws/src/battery_patrol': PYTHONPATH=/home/robocoder/project5_ws/build/battery_patrol/prefix_override:/usr/lib/python3/dist-packages/colcon_core/task/python/colcon_distutils_commands:/home/robocoder/project5_ws/install/battery_patrol/lib/python3.10/site-packages:${PYTHONPATH} /usr/bin/python3 -W ignore:setup.py install is deprecated -W ignore:easy_install command is deprecated setup.py egg_info --egg-base ../../build/battery_patrol build --build-base /home/robocoder/project5_ws/build/battery_patrol/build install --record /home/robocoder/project5_ws/build/battery_patrol/install.log --single-version-externally-managed install_data --force
[1.200s] running egg_info
[1.201s] writing ../../build/battery_patrol/battery_patrol.egg-info/PKG-INFO
[1.201s] writing dependency_links to ../../build/battery_patrol/battery_patrol.egg-info/dependency_links.txt
[1.201s] writing entry points to ../../build/battery_patrol/battery_patrol.egg-info/entry_points.txt
[1.201s] writing requirements to ../../build/battery_patrol/battery_patrol.egg-info/requires.txt
[1.201s] writing top-level names to ../../build/battery_patrol/battery_patrol.egg-info/top_level.txt
[1.202s] reading manifest file '../../build/battery_patrol/battery_patrol.egg-info/SOURCES.txt'
[1.203s] writing manifest file '../../build/battery_patrol/battery_patrol.egg-info/SOURCES.txt'
[1.203s] running build
[1.203s] running build_py
[1.203s] creating /home/robocoder/project5_ws/build/battery_patrol/build
[1.203s] creating /home/robocoder/project5_ws/build/battery_patrol/build/lib
[1.203s] creating /home/robocoder/project5_ws/build/battery_patrol/build/lib/battery_patrol
[1.203s] copying battery_patrol/battery_monitor.py -> /home/robocoder/project5_ws/build/battery_patrol/build/lib/battery_patrol
[1.203s] copying battery_patrol/battery_simulator.py -> /home/robocoder/project5_ws/build/battery_patrol/build/lib/battery_patrol
[1.203s] copying battery_patrol/__init__.py -> /home/robocoder/project5_ws/build/battery_patrol/build/lib/battery_patrol
[1.203s] running install
[1.204s] running install_lib
[1.204s] creating /home/robocoder/project5_ws/install/battery_patrol/lib/python3.10/site-packages/battery_patrol
[1.204s] copying /home/robocoder/project5_ws/build/battery_patrol/build/lib/battery_patrol/battery_monitor.py -> /home/robocoder/project5_ws/install/battery_patrol/lib/python3.10/site-packages/battery_patrol
[1.204s] copying /home/robocoder/project5_ws/build/battery_patrol/build/lib/battery_patrol/battery_simulator.py -> /home/robocoder/project5_ws/install/battery_patrol/lib/python3.10/site-packages/battery_patrol
[1.205s] copying /home/robocoder/project5_ws/build/battery_patrol/build/lib/battery_patrol/__init__.py -> /home/robocoder/project5_ws/install/battery_patrol/lib/python3.10/site-packages/battery_patrol
[1.205s] byte-compiling /home/robocoder/project5_ws/install/battery_patrol/lib/python3.10/site-packages/battery_patrol/battery_monitor.py to battery_monitor.cpython-310.pyc
[1.207s] byte-compiling /home/robocoder/project5_ws/install/battery_patrol/lib/python3.10/site-packages/battery_patrol/battery_simulator.py to battery_simulator.cpython-310.pyc
[1.207s] byte-compiling /home/robocoder/project5_ws/install/battery_patrol/lib/python3.10/site-packages/battery_patrol/__init__.py to __init__.cpython-310.pyc
[1.207s] running install_data
[1.207s] copying resource/battery_patrol -> /home/robocoder/project5_ws/install/battery_patrol/share/ament_index/resource_index/packages
[1.207s] copying package.xml -> /home/robocoder/project5_ws/install/battery_patrol/share/battery_patrol
[1.208s] copying launch/battery_patrol.launch.py -> /home/robocoder/project5_ws/install/battery_patrol/share/battery_patrol/launch
[1.208s] copying config/patrol_params.yaml -> /home/robocoder/project5_ws/install/battery_patrol/share/battery_patrol/config
[1.208s] running install_egg_info
[1.209s] Copying ../../build/battery_patrol/battery_patrol.egg-info to /home/robocoder/project5_ws/install/battery_patrol/lib/python3.10/site-packages/battery_patrol-0.1.0-py3.10.egg-info
[1.210s] running install_scripts
[1.225s] Installing battery_monitor script to /home/robocoder/project5_ws/install/battery_patrol/lib/battery_patrol
[1.225s] Installing battery_simulator script to /home/robocoder/project5_ws/install/battery_patrol/lib/battery_patrol
[1.225s] writing list of installed files to '/home/robocoder/project5_ws/build/battery_patrol/install.log'
[1.246s] Invoked command in '/home/robocoder/project5_ws/src/battery_patrol' returned '0': PYTHONPATH=/home/robocoder/project5_ws/build/battery_patrol/prefix_override:/usr/lib/python3/dist-packages/colcon_core/task/python/colcon_distutils_commands:/home/robocoder/project5_ws/install/battery_patrol/lib/python3.10/site-packages:${PYTHONPATH} /usr/bin/python3 -W ignore:setup.py install is deprecated -W ignore:easy_install command is deprecated setup.py egg_info --egg-base ../../build/battery_patrol build --build-base /home/robocoder/project5_ws/build/battery_patrol/build install --record /home/robocoder/project5_ws/build/battery_patrol/install.log --single-version-externally-managed install_data --force
