[0.000000] (-) TimerEvent: {}
[0.000251] (battery_patrol) JobQueued: {'identifier': 'battery_patrol', 'dependencies': OrderedDict()}
[0.000298] (battery_patrol) JobStarted: {'identifier': 'battery_patrol'}
[0.099144] (-) TimerEvent: {}
[0.199364] (-) TimerEvent: {}
[0.299565] (-) TimerEvent: {}
[0.399750] (-) TimerEvent: {}
[0.499946] (-) TimerEvent: {}
[0.600152] (-) TimerEvent: {}
[0.639045] (battery_patrol) Command: {'cmd': ['/usr/bin/python3', '-W', 'ignore:setup.py install is deprecated', '-W', 'ignore:easy_install command is deprecated', 'setup.py', 'develop', '--editable', '--build-directory', '/home/robocoder/project5_ws/build/battery_patrol/build', '--no-deps', 'symlink_data'], 'cwd': '/home/robocoder/project5_ws/build/battery_patrol', 'env': {'LESSOPEN': '| /usr/bin/lesspipe %s', 'VSCODE_CWD': '/home/robocoder', 'LANGUAGE': 'en_IN:en', 'USER': 'robocoder', 'VSCODE_NLS_CONFIG': '{"userLocale":"en-gb","osLocale":"en-in","resolvedLanguage":"en","defaultMessagesFile":"/usr/share/antigravity/resources/app/out/nls.messages.json","locale":"en-gb","availableLanguages":{}}', 'XDG_SESSION_TYPE': 'x11', 'SHLVL': '0', 'LD_LIBRARY_PATH': '/home/robocoder/ros2_course/install/turtlesim_project/lib:/home/robocoder/ros2_course/install/rudra_interface/lib:/home/robocoder/ros2_course/install/prac_interfaces/lib:/home/robocoder/ros2_ws/install/suction_adhesion_plugin/lib:/usr/lib/x86_64-linux-gnu/gazebo-11/plugins:/opt/ros/humble/opt/rviz_ogre_vendor/lib:/opt/ros/humble/lib/x86_64-linux-gnu:/opt/ros/humble/lib', 'HOME': '/home/robocoder', 'CHROME_DESKTOP': 'antigravity.desktop', 'OLDPWD': '/home/robocoder/project5_ws', 'DESKTOP_SESSION': 'ubuntu-xorg', 'NVM_BIN': '/home/robocoder/.nvm/versions/node/v20.20.2/bin', 'NVM_INC': '/home/robocoder/.nvm/versions/node/v20.20.2/include/node', 'VSCODE_IPC_HOOK': '/run/user/1000/vscode-e506c8dd-1.10-main.sock', 'GIO_LAUNCHED_DESKTOP_FILE': '/usr/share/applications/antigravity.desktop', 'ROS_PYTHON_VERSION': '3', 'GNOME_SHELL_SESSION_MODE': 'ubuntu', 'GTK_MODULES': 'gail:atk-bridge', 'PAGER': 'cat', 'MANAGERPID': '3644', 'DBUS_STARTER_BUS_TYPE': 'session', 'SYSTEMD_EXEC_PID': '3932', 'DBUS_SESSION_BUS_ADDRESS': 'unix:path=/run/user/1000/bus,guid=f97e255df6aa3be76ae582a06a6ca171', 'ANTIGRAVITY_AGENT': '1', 'GIO_LAUNCHED_DESKTOP_FILE_PID': '10250', 'NVM_DIR': '/home/robocoder/.nvm', 'COLCON_PREFIX_PATH': '/home/robocoder/ros2_course/install:/home/robocoder/install:/home/robocoder/ros2_ws/install', 'ROS_DISTRO': 'humble', 'GTK_IM_MODULE': 'ibus', 'LOGNAME': 'robocoder', 'JOURNAL_STREAM': '8:17385', '_': '/usr/bin/colcon', 'ROS_VERSION': '2', 'XDG_SESSION_CLASS': 'user', 'USERNAME': 'robocoder', 'TERM': 'dumb', 'GNOME_DESKTOP_SESSION_ID': 'this-is-deprecated', 'FC_FONTATIONS': '1', 'ROS_LOCALHOST_ONLY': '0', 'WINDOWPATH': '2', 'ANTIGRAVITY_EDITOR_APP_ROOT': '/usr/share/antigravity/resources/app', 'PATH': '/home/robocoder/.local/bin:/home/robocoder/.nvm/versions/node/v20.20.2/bin:/opt/ros/humble/bin:/home/robocoder/.local/bin:/usr/local/sbin:/usr/local/bin:/usr/sbin:/usr/bin:/sbin:/bin:/usr/games:/usr/local/games:/snap/bin:/snap/bin', 'SESSION_MANAGER': 'local/robocoder-Nitro-ANV15-41:@/tmp/.ICE-unix/3932,unix/robocoder-Nitro-ANV15-41:/tmp/.ICE-unix/3932', 'INVOCATION_ID': '925caee5915545e99ea31ac6f10dd07d', 'XDG_MENU_PREFIX': 'gnome-', 'XDG_RUNTIME_DIR': '/run/user/1000', 'GDK_BACKEND': 'x11', 'DISPLAY': ':0', 'LANG': 'en_US.UTF-8', 'XDG_CURRENT_DESKTOP': 'ubuntu:GNOME', 'XMODIFIERS': '@im=ibus', 'XDG_SESSION_DESKTOP': 'ubuntu-xorg', 'XAUTHORITY': '/run/user/1000/gdm/Xauthority', 'LS_COLORS': '', 'SSH_AGENT_LAUNCHER': 'gnome-keyring', 'SSH_AUTH_SOCK': '/run/user/1000/keyring/ssh', 'AMENT_PREFIX_PATH': '/home/robocoder/ros2_course/install/turtlesim_project:/home/robocoder/ros2_course/install/launch_file_activity:/home/robocoder/ros2_course/install/turtlesim_catch_them_all:/home/robocoder/ros2_course/install/my_robot_bringup:/home/robocoder/ros2_course/install/launch_file_activity6:/home/robocoder/ros2_course/install/my_pkg:/home/robocoder/ros2_course/install/rudra_interface:/home/robocoder/ros2_course/install/prac_interfaces:/home/robocoder/ros2_course/install/prac_interface:/home/robocoder/ros2_course/install/my_cpp_pkg:/home/robocoder/ros2_course/install/launch_file_prac:/home/robocoder/install/glass_cleaning_robot:/home/robocoder/ros2_ws/install/suction_adhesion_plugin:/home/robocoder/ros2_ws/install/robot_follower:/home/robocoder/ros2_ws/install/glass_cleaning_robot:/opt/ros/humble', 'SHELL': '/bin/bash', 'QT_ACCESSIBILITY': '1', 'GDMSESSION': 'ubuntu-xorg', 'LESSCLOSE': '/usr/bin/lesspipe %s %s', 'GPG_AGENT_INFO': '/run/user/1000/gnupg/S.gpg-agent:0:1', 'QT_IM_MODULE': 'ibus', 'ANTIGRAVITY_TRAJECTORY_ID': '4bf952f0-427f-44e7-a8ba-21868efaa85f', 'PWD': '/home/robocoder/project5_ws/build/battery_patrol', 'LC_ALL': 'en_US.UTF-8', 'XDG_CONFIG_DIRS': '/etc/xdg/xdg-ubuntu-xorg:/etc/xdg', 'VSCODE_CODE_CACHE_PATH': '/home/robocoder/.config/Antigravity/CachedData/15487b3041e65228cae24980a3f796c905ef582c', 'NVM_CD_FLAGS': '', 'DBUS_STARTER_ADDRESS': 'unix:path=/run/user/1000/bus,guid=f97e255df6aa3be76ae582a06a6ca171', 'XDG_DATA_DIRS': '/usr/share/ubuntu-xorg:/usr/share/gnome:/usr/local/share/:/usr/share/:/var/lib/snapd/desktop', 'PYTHONPATH': '/home/robocoder/project5_ws/build/battery_patrol/prefix_override:/usr/lib/python3/dist-packages/colcon_core/task/python/colcon_distutils_commands:/home/robocoder/project5_ws/install/battery_patrol/lib/python3.10/site-packages:/home/robocoder/ros2_course/install/turtlesim_project/local/lib/python3.10/dist-packages:/home/robocoder/ros2_course/build/turtlesim_catch_them_all:/home/robocoder/ros2_course/install/turtlesim_catch_them_all/lib/python3.10/site-packages:/home/robocoder/ros2_course/build/my_pkg:/home/robocoder/ros2_course/install/my_pkg/lib/python3.10/site-packages:/home/robocoder/ros2_course/install/rudra_interface/local/lib/python3.10/dist-packages:/home/robocoder/ros2_course/install/prac_interfaces/local/lib/python3.10/dist-packages:/home/robocoder/install/glass_cleaning_robot/lib/python3.10/site-packages:/home/robocoder/ros2_ws/install/glass_cleaning_robot/lib/python3.10/site-packages:/opt/ros/humble/lib/python3.10/site-packages:/opt/ros/humble/local/lib/python3.10/dist-packages', 'COLCON': '1', 'CMAKE_PREFIX_PATH': '/home/robocoder/ros2_course/install/turtlesim_project:/home/robocoder/ros2_course/install/launch_file_activity:/home/robocoder/ros2_course/install/my_robot_bringup:/home/robocoder/ros2_course/install/launch_file_activity6:/home/robocoder/ros2_course/install/rudra_interface:/home/robocoder/ros2_course/install/prac_interfaces:/home/robocoder/ros2_course/install/prac_interface:/home/robocoder/ros2_course/install/my_cpp_pkg:/home/robocoder/ros2_course/install/launch_file_prac:/home/robocoder/ros2_ws/install/suction_adhesion_plugin:/home/robocoder/ros2_ws/install/robot_follower', 'VSCODE_PID': '10250'}, 'shell': False}
[0.700266] (-) TimerEvent: {}
[0.800584] (-) TimerEvent: {}
[0.900853] (-) TimerEvent: {}
[0.934765] (battery_patrol) StdoutLine: {'line': b'running develop\n'}
[1.000977] (-) TimerEvent: {}
[1.101166] (-) TimerEvent: {}
[1.118358] (battery_patrol) StdoutLine: {'line': b'running egg_info\n'}
[1.118589] (battery_patrol) StdoutLine: {'line': b'writing battery_patrol.egg-info/PKG-INFO\n'}
[1.118779] (battery_patrol) StdoutLine: {'line': b'writing dependency_links to battery_patrol.egg-info/dependency_links.txt\n'}
[1.118893] (battery_patrol) StdoutLine: {'line': b'writing entry points to battery_patrol.egg-info/entry_points.txt\n'}
[1.118974] (battery_patrol) StdoutLine: {'line': b'writing requirements to battery_patrol.egg-info/requires.txt\n'}
[1.119047] (battery_patrol) StdoutLine: {'line': b'writing top-level names to battery_patrol.egg-info/top_level.txt\n'}
[1.120639] (battery_patrol) StdoutLine: {'line': b"reading manifest file 'battery_patrol.egg-info/SOURCES.txt'\n"}
[1.121176] (battery_patrol) StdoutLine: {'line': b"writing manifest file 'battery_patrol.egg-info/SOURCES.txt'\n"}
[1.122427] (battery_patrol) StdoutLine: {'line': b'running build_ext\n'}
[1.122604] (battery_patrol) StdoutLine: {'line': b'Creating /home/robocoder/project5_ws/install/battery_patrol/lib/python3.10/site-packages/battery-patrol.egg-link (link to .)\n'}
[1.123297] (battery_patrol) StdoutLine: {'line': b'Installing battery_monitor script to /home/robocoder/project5_ws/install/battery_patrol/lib/battery_patrol\n'}
[1.124345] (battery_patrol) StdoutLine: {'line': b'Installing battery_simulator script to /home/robocoder/project5_ws/install/battery_patrol/lib/battery_patrol\n'}
[1.124441] (battery_patrol) StdoutLine: {'line': b'\n'}
[1.124495] (battery_patrol) StdoutLine: {'line': b'Installed /home/robocoder/project5_ws/build/battery_patrol\n'}
[1.124541] (battery_patrol) StdoutLine: {'line': b'running symlink_data\n'}
[1.158806] (battery_patrol) CommandEnded: {'returncode': 0}
[1.167917] (battery_patrol) JobEnded: {'identifier': 'battery_patrol', 'rc': 0}
[1.168344] (-) EventReactorShutdown: {}
